---
source: tui/src/chatwidget/tests.rs
expression: term.backend().vt100().screen().contents()
---
• I’m going to search the repo for where “Change Approved” is rendered to update
  that view.

  └ Search Change Approved
    Read diff_render.rs
 • Investigating rendering code  󰔟 0s 


› Summarize recent commits

 tui  󱚥 gpt-5-codex             󰋩 earth   vermissian   ck-kubero-admin 
