---
source: tui/src/chatwidget/tests.rs
expression: term.backend().vt100().screen().contents()
---
• I’m going to search the repo for where “Change Approved” is rendered to update
  that view.

    Read diff_render.rs
 󰔟 0s • Investigating rendering code 


› Summarize recent commits


 tui  󱚥 gpt-5-codex             󰋩 earth   vermissian   ck-kubero-admin 
